// Vitest Snapshot v1, https://vitest.dev/guide/snapshot.html

exports[`DropdownMenu component > renders DropdownMenu component with the initial description 1`] = `
<body>
  <div>
    <div
      class="dropdown"
    >
      <button>
        Initial Description
      </button>
    </div>
  </div>
</body>
`;
