// Vitest Snapshot v1, https://vitest.dev/guide/snapshot.html

exports[`Header component > renders Header component 1`] = `"<div><div class=\\"header\\"><div class=\\"header-content\\"><img src=\\"/project1/src/assets/SpaceSpotterLogo.png\\"><div class=\\"explanation-text\\"><h1>Trenger du et rom?</h1><p>Finn oversikt over rom pÃ¥ din campus!</p></div></div></div></div>"`;
