// Vitest Snapshot v1, https://vitest.dev/guide/snapshot.html

exports[`should match snapshot 1`] = `
{
  "age": 30,
  "email": "john@example.com",
  "name": "John",
}
`;
